>"string"
#^ source.lang string.quoted.double.lang
# ^^^^^^ source.lang string.quoted.double.lang
#       ^ source.lang string.quoted.double.lang